// Jest Snapshot v1, https://goo.gl/fbAQLP

exports[`App header component renders out and match the snapshot 1`] = `
<div>
  <header>
    <h1
      class="sc-dkPtRN iiGnuv"
    >
      Chat Application
    </h1>
    <p
      class="sc-hKwDye lkLhvC"
    >
      Switch user
    </p>
    <div
      class="sc-jRQBWg kVkKfs"
    >
      <input
        class="sc-iCfMLu fSbVlG"
        id="checkbox"
        type="checkbox"
      />
      <label
        class="sc-gKclnd celoWs"
        for="checkbox"
      />
    </div>
  </header>
</div>
`;
